2026-10-06 17:48:51,504 - main.py - MainThread - main - 75 - INFO - --- Starting Global Scraper Orchestrator ---
2026-10-06 17:48:51,504 - main.py - MainThread - main - 99 - INFO - Found 4 scrapers to run.
2026-10-06 17:48:51,505 - main.py - ThreadPoolExecutor-0_0 - execute_scraper - 15 - INFO - Loading module: companies.Greenhouse.scrape
2026-10-06 17:48:51,505 - main.py - ThreadPoolExecutor-0_1 - execute_scraper - 15 - INFO - Loading module: companies.Workable.scrape
2026-10-06 17:48:51,505 - main.py - ThreadPoolExecutor-0_2 - execute_scraper - 15 - INFO - Loading module: companies.Lever.scrape
2026-10-06 17:48:51,506 - main.py - ThreadPoolExecutor-0_3 - execute_scraper - 15 - INFO - Loading module: companies.Ashby.scrape
2026-10-06 17:48:51,548 - scrape.py - ThreadPoolExecutor-0_2 - run - 137 - INFO - Starting Lever scraper...
2026-10-06 17:48:51,551 - scrape.py - ThreadPoolExecutor-0_1 - run - 160 - INFO - Starting Workable scraper...
2026-10-06 17:48:51,551 - scrape.py - ThreadPoolExecutor-0_3 - run - 126 - INFO - Starting Ashby scraper...
2026-10-06 17:48:51,656 - scrape.py - ThreadPoolExecutor-0_0 - run - 175 - INFO - Starting Greenhouse scraper...
2026-10-06 17:48:53,809 - main.py - ThreadPoolExecutor-0_2 - execute_scraper - 24 - ERROR - Critical error executing companies.Lever.scrape: 'NoneType' object is not iterable
2026-10-06 17:50:36,285 - main.py - MainThread - main - 104 - INFO - --- All scraping tasks completed ---
2026-10-06 17:50:36,285 - main.py - MainThread - process_csv_to_xml - 126 - INFO - Latest folder found: /home/runner/work/jobs-in-EU/jobs-in-EU/output/20261006
2026-10-06 17:50:36,286 - main.py - MainThread - process_csv_to_xml - 138 - INFO - Found 3 CSV files. Merging...
2026-10-06 17:50:36,387 - main.py - MainThread - process_csv_to_xml - 160 - INFO - Merged CSV saved to: /home/runner/work/jobs-in-EU/jobs-in-EU/latest_output/latest.csv
2026-10-06 17:50:36,387 - main.py - MainThread - process_csv_to_xml - 165 - INFO - Converting to XML...
2026-10-06 17:50:36,447 - main.py - MainThread - process_csv_to_xml - 197 - INFO - XML file successfully saved to: /home/runner/work/jobs-in-EU/jobs-in-EU/latest_output/latest.xml
2026-10-06 17:50:36,447 - main.py - MainThread - cleanup_old_data - 34 - INFO - --- Starting cleanup of old data ---
2026-10-06 17:50:36,450 - main.py - MainThread - cleanup_old_data - 51 - INFO - Deleted old output folder: output/20260922
2026-10-06 17:50:36,450 - main.py - MainThread - cleanup_old_data - 70 - INFO - Deleted old log file: logs/scraper_20260922_160856.log
